Pig Stack Trace
---------------
ERROR 6007: Unable to check name hdfs://localhost:9000/user/aadhi

org.apache.pig.impl.logicalLayer.FrontendException: ERROR 1000: Error during parsing. Unable to check name hdfs://localhost:9000/user/aadhi
	at org.apache.pig.PigServer$Graph.parseQuery(PigServer.java:1841)
	at org.apache.pig.PigServer$Graph.access$000(PigServer.java:1536)
	at org.apache.pig.PigServer.parseAndBuild(PigServer.java:461)
	at org.apache.pig.PigServer.executeBatch(PigServer.java:486)
	at org.apache.pig.PigServer.executeBatch(PigServer.java:472)
	at org.apache.pig.tools.grunt.GruntParser.executeBatch(GruntParser.java:172)
	at org.apache.pig.tools.grunt.GruntParser.processDump(GruntParser.java:785)
	at org.apache.pig.tools.pigscript.parser.PigScriptParser.parse(PigScriptParser.java:383)
	at org.apache.pig.tools.grunt.GruntParser.parseStopOnError(GruntParser.java:231)
	at org.apache.pig.tools.grunt.GruntParser.parseStopOnError(GruntParser.java:206)
	at org.apache.pig.tools.grunt.Grunt.exec(Grunt.java:81)
	at org.apache.pig.Main.run(Main.java:630)
	at org.apache.pig.Main.main(Main.java:175)
	at java.base/jdk.internal.reflect.NativeMethodAccessorImpl.invoke0(Native Method)
	at java.base/jdk.internal.reflect.NativeMethodAccessorImpl.invoke(NativeMethodAccessorImpl.java:77)
	at java.base/jdk.internal.reflect.DelegatingMethodAccessorImpl.invoke(DelegatingMethodAccessorImpl.java:43)
	at java.base/java.lang.reflect.Method.invoke(Method.java:569)
	at org.apache.hadoop.util.RunJar.run(RunJar.java:333)
	at org.apache.hadoop.util.RunJar.main(RunJar.java:254)
Caused by: Failed to parse: Pig script failed to parse: <file student_analysis.pig, line 1, column 11> pig script failed to validate: org.apache.pig.backend.datastorage.DataStorageException: ERROR 6007: Unable to check name hdfs://localhost:9000/user/aadhi
	at org.apache.pig.parser.QueryParserDriver.parse(QueryParserDriver.java:199)
	at org.apache.pig.PigServer$Graph.parseQuery(PigServer.java:1828)
	... 18 more
Caused by: <file student_analysis.pig, line 1, column 11> pig script failed to validate: org.apache.pig.backend.datastorage.DataStorageException: ERROR 6007: Unable to check name hdfs://localhost:9000/user/aadhi
	at org.apache.pig.parser.LogicalPlanBuilder.buildLoadOp(LogicalPlanBuilder.java:904)
	at org.apache.pig.parser.LogicalPlanGenerator.load_clause(LogicalPlanGenerator.java:3568)
	at org.apache.pig.parser.LogicalPlanGenerator.op_clause(LogicalPlanGenerator.java:1625)
	at org.apache.pig.parser.LogicalPlanGenerator.general_statement(LogicalPlanGenerator.java:1102)
	at org.apache.pig.parser.LogicalPlanGenerator.statement(LogicalPlanGenerator.java:560)
	at org.apache.pig.parser.LogicalPlanGenerator.query(LogicalPlanGenerator.java:421)
	at org.apache.pig.parser.QueryParserDriver.parse(QueryParserDriver.java:191)
	... 19 more
Caused by: org.apache.pig.backend.datastorage.DataStorageException: ERROR 6007: Unable to check name hdfs://localhost:9000/user/aadhi
	at org.apache.pig.backend.hadoop.datastorage.HDataStorage.isContainer(HDataStorage.java:211)
	at org.apache.pig.backend.hadoop.datastorage.HDataStorage.asElement(HDataStorage.java:131)
	at org.apache.pig.backend.hadoop.datastorage.HDataStorage.asElement(HDataStorage.java:138)
	at org.apache.pig.parser.QueryParserUtils.getCurrentDir(QueryParserUtils.java:93)
	at org.apache.pig.parser.LogicalPlanBuilder.buildLoadOp(LogicalPlanBuilder.java:896)
	... 25 more
Caused by: java.net.ConnectException: Call From aadhi-HP-EliteBook-840-G5/127.0.1.1 to localhost:9000 failed on connection exception: java.net.ConnectException: Connection refused; For more details see:  http://wiki.apache.org/hadoop/ConnectionRefused
	at java.base/jdk.internal.reflect.NativeConstructorAccessorImpl.newInstance0(Native Method)
	at java.base/jdk.internal.reflect.NativeConstructorAccessorImpl.newInstance(NativeConstructorAccessorImpl.java:77)
	at java.base/jdk.internal.reflect.DelegatingConstructorAccessorImpl.newInstance(DelegatingConstructorAccessorImpl.java:45)
	at java.base/java.lang.reflect.Constructor.newInstanceWithCaller(Constructor.java:500)
	at java.base/java.lang.reflect.Constructor.newInstance(Constructor.java:481)
	at org.apache.hadoop.util.dynamic.DynConstructors$Ctor.newInstanceChecked(DynConstructors.java:58)
	at org.apache.hadoop.util.dynamic.DynConstructors$Ctor.newInstance(DynConstructors.java:70)
	at org.apache.hadoop.net.NetUtils.wrapWithMessage(NetUtils.java:1021)
	at org.apache.hadoop.net.NetUtils.wrapException(NetUtils.java:875)
	at org.apache.hadoop.ipc.Client.warpIOException(Client.java:1618)
	at org.apache.hadoop.ipc.Client.getRpcResponse(Client.java:1605)
	at org.apache.hadoop.ipc.Client.call(Client.java:1558)
	at org.apache.hadoop.ipc.Client.call(Client.java:1474)
	at org.apache.hadoop.ipc.ProtobufRpcEngine2$Invoker.invoke(ProtobufRpcEngine2.java:259)
	at org.apache.hadoop.ipc.ProtobufRpcEngine2$Invoker.invoke(ProtobufRpcEngine2.java:140)
	at jdk.proxy2/jdk.proxy2.$Proxy12.getFileInfo(Unknown Source)
	at org.apache.hadoop.hdfs.protocolPB.ClientNamenodeProtocolTranslatorPB.lambda$getFileInfo$41(ClientNamenodeProtocolTranslatorPB.java:820)
	at org.apache.hadoop.ipc.internal.ShadedProtobufHelper.ipc(ShadedProtobufHelper.java:160)
	at org.apache.hadoop.hdfs.protocolPB.ClientNamenodeProtocolTranslatorPB.getFileInfo(ClientNamenodeProtocolTranslatorPB.java:820)
	at java.base/jdk.internal.reflect.NativeMethodAccessorImpl.invoke0(Native Method)
	at java.base/jdk.internal.reflect.NativeMethodAccessorImpl.invoke(NativeMethodAccessorImpl.java:77)
	at java.base/jdk.internal.reflect.DelegatingMethodAccessorImpl.invoke(DelegatingMethodAccessorImpl.java:43)
	at java.base/java.lang.reflect.Method.invoke(Method.java:569)
	at org.apache.hadoop.io.retry.RetryInvocationHandler.invokeMethod(RetryInvocationHandler.java:437)
	at org.apache.hadoop.io.retry.RetryInvocationHandler$Call.invokeMethod(RetryInvocationHandler.java:170)
	at org.apache.hadoop.io.retry.RetryInvocationHandler$Call.invoke(RetryInvocationHandler.java:162)
	at org.apache.hadoop.io.retry.RetryInvocationHandler$Call.invokeOnce(RetryInvocationHandler.java:100)
	at org.apache.hadoop.io.retry.RetryInvocationHandler.invoke(RetryInvocationHandler.java:366)
	at jdk.proxy2/jdk.proxy2.$Proxy13.getFileInfo(Unknown Source)
	at org.apache.hadoop.hdfs.DFSClient.getFileInfo(DFSClient.java:1770)
	at org.apache.hadoop.hdfs.DistributedFileSystem$29.doCall(DistributedFileSystem.java:1838)
	at org.apache.hadoop.hdfs.DistributedFileSystem$29.doCall(DistributedFileSystem.java:1835)
	at org.apache.hadoop.fs.FileSystemLinkResolver.resolve(FileSystemLinkResolver.java:81)
	at org.apache.hadoop.hdfs.DistributedFileSystem.getFileStatus(DistributedFileSystem.java:1850)
	at org.apache.hadoop.fs.FileSystem.exists(FileSystem.java:1863)
	at org.apache.pig.backend.hadoop.datastorage.HDataStorage.isContainer(HDataStorage.java:205)
	... 29 more
Caused by: java.net.ConnectException: Connection refused
	at java.base/sun.nio.ch.Net.pollConnect(Native Method)
	at java.base/sun.nio.ch.Net.pollConnectNow(Net.java:684)
	at java.base/sun.nio.ch.SocketChannelImpl.finishConnect(SocketChannelImpl.java:946)
	at org.apache.hadoop.net.SocketIOWithTimeout.connect(SocketIOWithTimeout.java:205)
	at org.apache.hadoop.net.NetUtils.connect(NetUtils.java:613)
	at org.apache.hadoop.ipc.Client$Connection.setupConnection(Client.java:715)
	at org.apache.hadoop.ipc.Client$Connection.setupIOstreams(Client.java:836)
	at org.apache.hadoop.ipc.Client.getConnection(Client.java:1675)
	at org.apache.hadoop.ipc.Client.call(Client.java:1520)
	... 53 more
================================================================================
