Pig Stack Trace
---------------
ERROR 1066: Unable to open iterator for alias top3

org.apache.pig.impl.logicalLayer.FrontendException: ERROR 1066: Unable to open iterator for alias top3
	at org.apache.pig.PigServer.openIterator(PigServer.java:1024)
	at org.apache.pig.tools.grunt.GruntParser.processDump(GruntParser.java:790)
	at org.apache.pig.tools.pigscript.parser.PigScriptParser.parse(PigScriptParser.java:383)
	at org.apache.pig.tools.grunt.GruntParser.parseStopOnError(GruntParser.java:231)
	at org.apache.pig.tools.grunt.GruntParser.parseStopOnError(GruntParser.java:206)
	at org.apache.pig.tools.grunt.Grunt.exec(Grunt.java:81)
	at org.apache.pig.Main.run(Main.java:630)
	at org.apache.pig.Main.main(Main.java:175)
	at java.base/jdk.internal.reflect.NativeMethodAccessorImpl.invoke0(Native Method)
	at java.base/jdk.internal.reflect.NativeMethodAccessorImpl.invoke(NativeMethodAccessorImpl.java:77)
	at java.base/jdk.internal.reflect.DelegatingMethodAccessorImpl.invoke(DelegatingMethodAccessorImpl.java:43)
	at java.base/java.lang.reflect.Method.invoke(Method.java:569)
	at org.apache.hadoop.util.RunJar.run(RunJar.java:333)
	at org.apache.hadoop.util.RunJar.main(RunJar.java:254)
Caused by: org.apache.pig.backend.datastorage.DataStorageException: ERROR 0: org.apache.hadoop.hdfs.server.namenode.SafeModeException: Cannot create directory /tmp/temp-1531800322. Name node is in safe mode.
The reported blocks 5 has reached the threshold 0.9990 of total blocks 5. The minimum number of live datanodes is not required. In safe mode extension. Safe mode will be turned off automatically in 0 seconds. NamenodeHostName:localhost
	at org.apache.hadoop.hdfs.server.namenode.FSNamesystem.newSafemodeException(FSNamesystem.java:1687)
	at org.apache.hadoop.hdfs.server.namenode.FSNamesystem.checkNameNodeSafeMode(FSNamesystem.java:1674)
	at org.apache.hadoop.hdfs.server.namenode.FSNamesystem.mkdirs(FSNamesystem.java:3567)
	at org.apache.hadoop.hdfs.server.namenode.NameNodeRpcServer.mkdirs(NameNodeRpcServer.java:1176)
	at org.apache.hadoop.hdfs.protocolPB.ClientNamenodeProtocolServerSideTranslatorPB.mkdirs(ClientNamenodeProtocolServerSideTranslatorPB.java:742)
	at org.apache.hadoop.hdfs.protocol.proto.ClientNamenodeProtocolProtos$ClientNamenodeProtocol$2.callBlockingMethod(ClientNamenodeProtocolProtos.java)
	at org.apache.hadoop.ipc.ProtobufRpcEngine2$Server$ProtoBufRpcInvoker.call(ProtobufRpcEngine2.java:631)
	at org.apache.hadoop.ipc.ProtobufRpcEngine2$Server$ProtoBufRpcInvoker.call(ProtobufRpcEngine2.java:599)
	at org.apache.hadoop.ipc.ProtobufRpcEngine2$Server$ProtoBufRpcInvoker.call(ProtobufRpcEngine2.java:583)
	at org.apache.hadoop.ipc.RPC$Server.call(RPC.java:1228)
	at org.apache.hadoop.ipc.Server$RpcCall.run(Server.java:1312)
	at org.apache.hadoop.ipc.Server$RpcCall.run(Server.java:1227)
	at java.base/java.security.AccessController.doPrivileged(AccessController.java:712)
	at java.base/javax.security.auth.Subject.doAs(Subject.java:439)
	at org.apache.hadoop.security.authentication.util.SubjectUtil.doAs(SubjectUtil.java:328)
	at org.apache.hadoop.security.UserGroupInformation.doAs(UserGroupInformation.java:1958)
	at org.apache.hadoop.ipc.Server$Handler.work(Server.java:3279)
	at org.apache.hadoop.util.concurrent.SubjectInheritingThread.run(SubjectInheritingThread.java:209)

	at org.apache.pig.impl.io.FileLocalizer.getTempContainer(FileLocalizer.java:510)
	at org.apache.pig.impl.io.FileLocalizer.relativeRoot(FileLocalizer.java:467)
	at org.apache.pig.impl.io.FileLocalizer.getTemporaryPath(FileLocalizer.java:549)
	at org.apache.pig.impl.io.FileLocalizer.getTemporaryPath(FileLocalizer.java:545)
	at org.apache.pig.PigServer.openIterator(PigServer.java:999)
	... 13 more
Caused by: org.apache.hadoop.hdfs.server.namenode.SafeModeException: Cannot create directory /tmp/temp-1531800322. Name node is in safe mode.
The reported blocks 5 has reached the threshold 0.9990 of total blocks 5. The minimum number of live datanodes is not required. In safe mode extension. Safe mode will be turned off automatically in 0 seconds. NamenodeHostName:localhost
	at org.apache.hadoop.hdfs.server.namenode.FSNamesystem.newSafemodeException(FSNamesystem.java:1687)
	at org.apache.hadoop.hdfs.server.namenode.FSNamesystem.checkNameNodeSafeMode(FSNamesystem.java:1674)
	at org.apache.hadoop.hdfs.server.namenode.FSNamesystem.mkdirs(FSNamesystem.java:3567)
	at org.apache.hadoop.hdfs.server.namenode.NameNodeRpcServer.mkdirs(NameNodeRpcServer.java:1176)
	at org.apache.hadoop.hdfs.protocolPB.ClientNamenodeProtocolServerSideTranslatorPB.mkdirs(ClientNamenodeProtocolServerSideTranslatorPB.java:742)
	at org.apache.hadoop.hdfs.protocol.proto.ClientNamenodeProtocolProtos$ClientNamenodeProtocol$2.callBlockingMethod(ClientNamenodeProtocolProtos.java)
	at org.apache.hadoop.ipc.ProtobufRpcEngine2$Server$ProtoBufRpcInvoker.call(ProtobufRpcEngine2.java:631)
	at org.apache.hadoop.ipc.ProtobufRpcEngine2$Server$ProtoBufRpcInvoker.call(ProtobufRpcEngine2.java:599)
	at org.apache.hadoop.ipc.ProtobufRpcEngine2$Server$ProtoBufRpcInvoker.call(ProtobufRpcEngine2.java:583)
	at org.apache.hadoop.ipc.RPC$Server.call(RPC.java:1228)
	at org.apache.hadoop.ipc.Server$RpcCall.run(Server.java:1312)
	at org.apache.hadoop.ipc.Server$RpcCall.run(Server.java:1227)
	at java.base/java.security.AccessController.doPrivileged(AccessController.java:712)
	at java.base/javax.security.auth.Subject.doAs(Subject.java:439)
	at org.apache.hadoop.security.authentication.util.SubjectUtil.doAs(SubjectUtil.java:328)
	at org.apache.hadoop.security.UserGroupInformation.doAs(UserGroupInformation.java:1958)
	at org.apache.hadoop.ipc.Server$Handler.work(Server.java:3279)
	at org.apache.hadoop.util.concurrent.SubjectInheritingThread.run(SubjectInheritingThread.java:209)

	at java.base/jdk.internal.reflect.NativeConstructorAccessorImpl.newInstance0(Native Method)
	at java.base/jdk.internal.reflect.NativeConstructorAccessorImpl.newInstance(NativeConstructorAccessorImpl.java:77)
	at java.base/jdk.internal.reflect.DelegatingConstructorAccessorImpl.newInstance(DelegatingConstructorAccessorImpl.java:45)
	at java.base/java.lang.reflect.Constructor.newInstanceWithCaller(Constructor.java:500)
	at java.base/java.lang.reflect.Constructor.newInstance(Constructor.java:481)
	at org.apache.hadoop.ipc.RemoteException.instantiateException(RemoteException.java:121)
	at org.apache.hadoop.ipc.RemoteException.unwrapRemoteException(RemoteException.java:88)
	at org.apache.hadoop.hdfs.DFSClient.primitiveMkdir(DFSClient.java:2557)
	at org.apache.hadoop.hdfs.DFSClient.mkdirs(DFSClient.java:2531)
	at org.apache.hadoop.hdfs.DistributedFileSystem$27.doCall(DistributedFileSystem.java:1507)
	at org.apache.hadoop.hdfs.DistributedFileSystem$27.doCall(DistributedFileSystem.java:1504)
	at org.apache.hadoop.fs.FileSystemLinkResolver.resolve(FileSystemLinkResolver.java:81)
	at org.apache.hadoop.hdfs.DistributedFileSystem.mkdirsInternal(DistributedFileSystem.java:1521)
	at org.apache.hadoop.hdfs.DistributedFileSystem.mkdirs(DistributedFileSystem.java:1496)
	at org.apache.hadoop.fs.FileSystem.mkdirs(FileSystem.java:2497)
	at org.apache.pig.backend.hadoop.datastorage.HDirectory.create(HDirectory.java:63)
	at org.apache.pig.backend.hadoop.datastorage.HPath.create(HPath.java:164)
	at org.apache.pig.impl.io.FileLocalizer.createContainer(FileLocalizer.java:517)
	at org.apache.pig.impl.io.FileLocalizer.getTempContainer(FileLocalizer.java:507)
	... 17 more
Caused by: org.apache.hadoop.ipc.RemoteException(org.apache.hadoop.hdfs.server.namenode.SafeModeException): Cannot create directory /tmp/temp-1531800322. Name node is in safe mode.
The reported blocks 5 has reached the threshold 0.9990 of total blocks 5. The minimum number of live datanodes is not required. In safe mode extension. Safe mode will be turned off automatically in 0 seconds. NamenodeHostName:localhost
	at org.apache.hadoop.hdfs.server.namenode.FSNamesystem.newSafemodeException(FSNamesystem.java:1687)
	at org.apache.hadoop.hdfs.server.namenode.FSNamesystem.checkNameNodeSafeMode(FSNamesystem.java:1674)
	at org.apache.hadoop.hdfs.server.namenode.FSNamesystem.mkdirs(FSNamesystem.java:3567)
	at org.apache.hadoop.hdfs.server.namenode.NameNodeRpcServer.mkdirs(NameNodeRpcServer.java:1176)
	at org.apache.hadoop.hdfs.protocolPB.ClientNamenodeProtocolServerSideTranslatorPB.mkdirs(ClientNamenodeProtocolServerSideTranslatorPB.java:742)
	at org.apache.hadoop.hdfs.protocol.proto.ClientNamenodeProtocolProtos$ClientNamenodeProtocol$2.callBlockingMethod(ClientNamenodeProtocolProtos.java)
	at org.apache.hadoop.ipc.ProtobufRpcEngine2$Server$ProtoBufRpcInvoker.call(ProtobufRpcEngine2.java:631)
	at org.apache.hadoop.ipc.ProtobufRpcEngine2$Server$ProtoBufRpcInvoker.call(ProtobufRpcEngine2.java:599)
	at org.apache.hadoop.ipc.ProtobufRpcEngine2$Server$ProtoBufRpcInvoker.call(ProtobufRpcEngine2.java:583)
	at org.apache.hadoop.ipc.RPC$Server.call(RPC.java:1228)
	at org.apache.hadoop.ipc.Server$RpcCall.run(Server.java:1312)
	at org.apache.hadoop.ipc.Server$RpcCall.run(Server.java:1227)
	at java.base/java.security.AccessController.doPrivileged(AccessController.java:712)
	at java.base/javax.security.auth.Subject.doAs(Subject.java:439)
	at org.apache.hadoop.security.authentication.util.SubjectUtil.doAs(SubjectUtil.java:328)
	at org.apache.hadoop.security.UserGroupInformation.doAs(UserGroupInformation.java:1958)
	at org.apache.hadoop.ipc.Server$Handler.work(Server.java:3279)
	at org.apache.hadoop.util.concurrent.SubjectInheritingThread.run(SubjectInheritingThread.java:209)

	at org.apache.hadoop.ipc.Client.warpIOException(Client.java:1614)
	at org.apache.hadoop.ipc.Client.getRpcResponse(Client.java:1605)
	at org.apache.hadoop.ipc.Client.call(Client.java:1558)
	at org.apache.hadoop.ipc.Client.call(Client.java:1474)
	at org.apache.hadoop.ipc.ProtobufRpcEngine2$Invoker.invoke(ProtobufRpcEngine2.java:259)
	at org.apache.hadoop.ipc.ProtobufRpcEngine2$Invoker.invoke(ProtobufRpcEngine2.java:140)
	at jdk.proxy2/jdk.proxy2.$Proxy12.mkdirs(Unknown Source)
	at org.apache.hadoop.hdfs.protocolPB.ClientNamenodeProtocolTranslatorPB.lambda$mkdirs$20(ClientNamenodeProtocolTranslatorPB.java:611)
	at org.apache.hadoop.ipc.internal.ShadedProtobufHelper.ipc(ShadedProtobufHelper.java:160)
	at org.apache.hadoop.hdfs.protocolPB.ClientNamenodeProtocolTranslatorPB.mkdirs(ClientNamenodeProtocolTranslatorPB.java:611)
	at java.base/jdk.internal.reflect.NativeMethodAccessorImpl.invoke0(Native Method)
	at java.base/jdk.internal.reflect.NativeMethodAccessorImpl.invoke(NativeMethodAccessorImpl.java:77)
	at java.base/jdk.internal.reflect.DelegatingMethodAccessorImpl.invoke(DelegatingMethodAccessorImpl.java:43)
	at java.base/java.lang.reflect.Method.invoke(Method.java:569)
	at org.apache.hadoop.io.retry.RetryInvocationHandler.invokeMethod(RetryInvocationHandler.java:437)
	at org.apache.hadoop.io.retry.RetryInvocationHandler$Call.invokeMethod(RetryInvocationHandler.java:170)
	at org.apache.hadoop.io.retry.RetryInvocationHandler$Call.invoke(RetryInvocationHandler.java:162)
	at org.apache.hadoop.io.retry.RetryInvocationHandler$Call.invokeOnce(RetryInvocationHandler.java:100)
	at org.apache.hadoop.io.retry.RetryInvocationHandler.invoke(RetryInvocationHandler.java:366)
	at jdk.proxy2/jdk.proxy2.$Proxy13.mkdirs(Unknown Source)
	at org.apache.hadoop.hdfs.DFSClient.primitiveMkdir(DFSClient.java:2555)
	... 28 more
================================================================================
