Backend error message
---------------------
Error: java.lang.ClassNotFoundException: org.apache.commons.collections.buffer.CircularFifoBuffer
	at java.base/jdk.internal.loader.BuiltinClassLoader.loadClass(BuiltinClassLoader.java:641)
	at java.base/jdk.internal.loader.ClassLoaders$AppClassLoader.loadClass(ClassLoaders.java:188)
	at java.base/java.lang.ClassLoader.loadClass(ClassLoader.java:525)
	at org.apache.pig.impl.io.InterRecordReader.skipUntilMarkerOrSplitEndOrEOF(InterRecordReader.java:95)
	at org.apache.pig.impl.io.InterRecordReader.nextKeyValue(InterRecordReader.java:179)
	at org.apache.pig.impl.io.InterStorage.getNext(InterStorage.java:79)
	at org.apache.pig.impl.builtin.RandomSampleLoader.getNext(RandomSampleLoader.java:74)
	at org.apache.pig.backend.hadoop.executionengine.physicalLayer.relationalOperators.LoadFuncDecorator.getNext(LoadFuncDecorator.java:74)
	at org.apache.pig.backend.hadoop.executionengine.mapReduceLayer.PigRecordReader.nextKeyValue(PigRecordReader.java:209)
	at org.apache.hadoop.mapred.MapTask$NewTrackingRecordReader.nextKeyValue(MapTask.java:570)
	at org.apache.hadoop.mapreduce.task.MapContextImpl.nextKeyValue(MapContextImpl.java:80)
	at org.apache.hadoop.mapreduce.lib.map.WrappedMapper$Context.nextKeyValue(WrappedMapper.java:91)
	at org.apache.hadoop.mapreduce.Mapper.run(Mapper.java:144)
	at org.apache.hadoop.mapred.MapTask.runNewMapper(MapTask.java:801)
	at org.apache.hadoop.mapred.MapTask.run(MapTask.java:349)
	at org.apache.hadoop.mapred.YarnChild$2.run(YarnChild.java:178)
	at java.base/java.security.AccessController.doPrivileged(AccessController.java:712)
	at java.base/javax.security.auth.Subject.doAs(Subject.java:439)
	at org.apache.hadoop.security.authentication.util.SubjectUtil.doAs(SubjectUtil.java:328)
	at org.apache.hadoop.security.UserGroupInformation.doAs(UserGroupInformation.java:1958)
	at org.apache.hadoop.mapred.YarnChild.main(YarnChild.java:172)

Pig Stack Trace
---------------
ERROR 1066: Unable to open iterator for alias sorted_students

org.apache.pig.impl.logicalLayer.FrontendException: ERROR 1066: Unable to open iterator for alias sorted_students
	at org.apache.pig.PigServer.openIterator(PigServer.java:1024)
	at org.apache.pig.tools.grunt.GruntParser.processDump(GruntParser.java:790)
	at org.apache.pig.tools.pigscript.parser.PigScriptParser.parse(PigScriptParser.java:383)
	at org.apache.pig.tools.grunt.GruntParser.parseStopOnError(GruntParser.java:231)
	at org.apache.pig.tools.grunt.GruntParser.parseStopOnError(GruntParser.java:206)
	at org.apache.pig.tools.grunt.Grunt.exec(Grunt.java:81)
	at org.apache.pig.Main.run(Main.java:630)
	at org.apache.pig.Main.main(Main.java:175)
	at java.base/jdk.internal.reflect.NativeMethodAccessorImpl.invoke0(Native Method)
	at java.base/jdk.internal.reflect.NativeMethodAccessorImpl.invoke(NativeMethodAccessorImpl.java:77)
	at java.base/jdk.internal.reflect.DelegatingMethodAccessorImpl.invoke(DelegatingMethodAccessorImpl.java:43)
	at java.base/java.lang.reflect.Method.invoke(Method.java:569)
	at org.apache.hadoop.util.RunJar.run(RunJar.java:333)
	at org.apache.hadoop.util.RunJar.main(RunJar.java:254)
Caused by: java.io.IOException: Couldn't retrieve job.
	at org.apache.pig.PigServer.store(PigServer.java:1088)
	at org.apache.pig.PigServer.openIterator(PigServer.java:999)
	... 13 more
================================================================================
